/**
 * The MIT License (MIT)
 * 
 * Copyright (c) 2015 Famous Industries Inc.
 * 
 * Permission is hereby granted, free of charge, to any person obtaining a copy
 * of this software and associated documentation files (the "Software"), to deal
 * in the Software without restriction, including without limitation the rights
 * to use, copy, modify, merge, publish, distribute, sublicense, and/or sell
 * copies of the Software, and to permit persons to whom the Software is
 * furnished to do so, subject to the following conditions:
 * 
 * The above copyright notice and this permission notice shall be included in
 * all copies or substantial portions of the Software.
 * 
 * THE SOFTWARE IS PROVIDED "AS IS", WITHOUT WARRANTY OF ANY KIND, EXPRESS OR
 * IMPLIED, INCLUDING BUT NOT LIMITED TO THE WARRANTIES OF MERCHANTABILITY,
 * FITNESS FOR A PARTICULAR PURPOSE AND NONINFRINGEMENT. IN NO EVENT SHALL THE
 * AUTHORS OR COPYRIGHT HOLDERS BE LIABLE FOR ANY CLAIM, DAMAGES OR OTHER
 * LIABILITY, WHETHER IN AN ACTION OF CONTRACT, TORT OR OTHERWISE, ARISING FROM,
 * OUT OF OR IN CONNECTION WITH THE SOFTWARE OR THE USE OR OTHER DEALINGS IN
 * THE SOFTWARE.
 */

{
    "location": null,
    "showState": {
        "mounted": false,
        "shown": false,
        "opacity": 1
    },
    "offsets": {
        "mountPoint": {
            "0": 0,
            "1": 0,
            "2": 0
        },
        "align": {
            "0": 0,
            "1": 0,
            "2": 0
        },
        "origin": {
            "0": 0,
            "1": 0,
            "2": 0
        }
    },
    "vectors": {
        "position": {
            "0": 0,
            "1": 0,
            "2": 0
        },
        "rotation": {
            "0": 0,
            "1": 0,
            "2": 0,
            "3": 1
        },
        "scale": {
            "0": 1,
            "1": 1,
            "2": 1
        }
    },
    "size": {
        "sizeMode": {
            "0": 0,
            "1": 0,
            "2": 0
        },
        "proportional": {
            "0": 1,
            "1": 1,
            "2": 1
        },
        "differential": {
            "0": 0,
            "1": 0,
            "2": 0
        },
        "absolute": {
            "0": 0,
            "1": 0,
            "2": 0
        },
        "render": {
            "0": 0,
            "1": 0,
            "2": 0
        }
    },
    "UIEvents": []
}
